append: enter
append: extracted | dim=3 sys.vars=3
append: synthesized | nodes=13 var_node=3 scale=3
append: simulated | x=3 samples=10000
append: trajectory built
append: done
export: button pressed | valid=1 nodes=13 scale=3 x0=3 vars=3 rhs=3
append: enter
append: extracted | dim=3 sys.vars=3
append: synthesized | nodes=13 var_node=3 scale=3
append: simulated | x=3 samples=10000
append: trajectory built
append: done
export: button pressed | valid=1 nodes=13 scale=3 x0=3 vars=3 rhs=3
export: dialog returned
append: enter
append: extracted | dim=3 sys.vars=3
append: synthesized | nodes=13 var_node=3 scale=3
append: simulated | x=3 samples=10000
append: trajectory built
append: done
export: dialog (deferred)
append: enter
append: extracted | dim=3 sys.vars=3
append: synthesized | nodes=13 var_node=3 scale=3
append: simulated | x=3 samples=10000
append: trajectory built
append: done
export: dialog (deferred)
append: enter
append: extracted | dim=3 sys.vars=3
append: synthesized | nodes=13 var_node=3 scale=3
append: simulated | x=3 samples=10000
append: trajectory built
append: done
append: enter
append: extracted | dim=3 sys.vars=3
append: synthesized | nodes=13 var_node=3 scale=3
append: simulated | x=3 samples=10000
append: trajectory built
append: done
export: dialog (deferred)
export: dialog returned
